// Jest Snapshot v1, https://goo.gl/fbAQLP

exports[`Checkbox renders correctly 1`] = `
<RNGestureHandlerButton
  collapsable={false}
  onGestureEvent={[Function]}
  onGestureHandlerEvent={[Function]}
  onGestureHandlerStateChange={[Function]}
  onHandlerStateChange={[Function]}
  rippleColor={0}
>
  <View
    accessible={true}
    style={
      Object {
        "opacity": 1,
        "paddingHorizontal": 12,
      }
    }
  >
    <View
      style={
        Array [
          Object {
            "alignItems": "center",
            "borderColor": "#aba2a3",
            "borderRadius": 12,
            "borderWidth": 3,
            "height": 24,
            "justifyContent": "center",
            "width": 24,
          },
          Object {},
        ]
      }
    />
  </View>
</RNGestureHandlerButton>
`;
