// Jest Snapshot v1, https://goo.gl/fbAQLP

exports[`Checkbox renders correctly 1`] = `
<View
  accessible={true}
  collapsable={false}
  focusable={true}
  onBlur={[Function]}
  onClick={[Function]}
  onFocus={[Function]}
  onResponderGrant={[Function]}
  onResponderMove={[Function]}
  onResponderRelease={[Function]}
  onResponderTerminate={[Function]}
  onResponderTerminationRequest={[Function]}
  onStartShouldSetResponder={[Function]}
  style={
    Object {
      "paddingHorizontal": 12,
    }
  }
>
  <View
    style={
      Array [
        Object {
          "alignItems": "center",
          "borderColor": "#aba2a3",
          "borderRadius": 12,
          "borderWidth": 3,
          "height": 24,
          "justifyContent": "center",
          "width": 24,
        },
        Object {},
      ]
    }
  />
</View>
`;
